FAIL: lessons/0000a-database-bridge.html: missing Korean review receipt
FAIL: lessons/0000a-database-bridge.html: stale review fingerprint for en; current sha256:be7a50fc19bfef5885e9afcb239ddd42e8b38896fb6dc1a75f7534c3d986bce4
FAIL: lessons/0000a-database-bridge.html: stale review fingerprint for ko; current sha256:b7695194cf0723a6d19fb25067280fe90474510563e600cfb31313f3b36255d8
FAIL: lessons/0000-replacement-foundations.html: missing Korean review receipt
FAIL: lessons/0000-replacement-foundations.html: stale review fingerprint for en; current sha256:cedc71085650a6b76ec9a941077449a0e2d7f3b4d179d29d26a00aa3a976bf07
FAIL: lessons/0000-replacement-foundations.html: stale review fingerprint for ko; current sha256:aca3ee24d50b7810fdcd1d83af20e1cb9e5e5f677cf7199650b502330fbc1bda
FAIL: reference/lru-worked-example.html: missing Korean review receipt
FAIL: reference/lru-worked-example.html: stale review fingerprint for en; current sha256:61839dd8fbb301c51ae04f0d590d74d577422ae99c49a21f7e759524f9a31b87
FAIL: reference/lru-worked-example.html: stale review fingerprint for ko; current sha256:6c7477f149cbc759586c8900fb73222f0647e177003970959eb145656e8bb87a
FAIL: index.html: missing Korean review receipt
FAIL: index.html: stale review fingerprint for en; current sha256:3a7b077aaffacc3e0f95e9fd7cc71376552848f45043d759ec0cea31aeebcf57
FAIL: index.html: stale review fingerprint for ko; current sha256:4e36b63622a513c9bf15a2998e8d5276f92b70752e4ebae9c3ed6d6df68be809
FAIL: lessons/0001-present-the-page-journey.html: missing Korean review receipt
FAIL: lessons/0001-present-the-page-journey.html: stale review fingerprint for en; current sha256:0311f91c0794063c071107783e2f5871b2b26a5c2d60661ae4825fb1dadf36a8
FAIL: lessons/0001-present-the-page-journey.html: stale review fingerprint for ko; current sha256:b630fd1af4aa3407b8639b5753786cfa275e0cb8fe03366a3c0eda6e04bb8d01
FAIL: lessons/0002-separate-objects-from-state.html: missing Korean review receipt
FAIL: lessons/0002-separate-objects-from-state.html: stale review fingerprint for en; current sha256:2889ed9d05a6cc09ffbd2c2b7bbe978aa5011341ef2cd0f65033029c17f4f758
FAIL: lessons/0002-separate-objects-from-state.html: stale review fingerprint for ko; current sha256:2feb82e5d4920bdc5c3cf6088402403a3d4b6d5e035309d92ab931f839d01cf9
FAIL: lessons/0003-trace-fix-convergence.html: missing Korean review receipt
FAIL: lessons/0003-trace-fix-convergence.html: stale review fingerprint for en; current sha256:2046ffe12d430dff9b9626a83a7e5205da4a54d59b7ab7aed21b6608df9e0be4
FAIL: lessons/0003-trace-fix-convergence.html: stale review fingerprint for ko; current sha256:d831ac9be027b9d14ffd7b5376c27bf3a6200b920c607be976e8b80e229bf197
FAIL: lessons/0004-repay-fix-debt.html: missing Korean review receipt
FAIL: lessons/0004-repay-fix-debt.html: stale review fingerprint for en; current sha256:e7c44ab08e507632cdf323a1d697bbdb59b357f7cd0bc5f24ce70a985b11e4d7
FAIL: lessons/0004-repay-fix-debt.html: stale review fingerprint for ko; current sha256:d2bbb50d02563d70bf2770044b746a90ac042fe3420baf475412871e77c93b1a
FAIL: lessons/0004a-understand-holder-anchor.html: missing Korean review receipt
FAIL: lessons/0004a-understand-holder-anchor.html: stale review fingerprint for en; current sha256:80dce4dda7b43d4271744bc11305e26a55ac5b094d2f98724c8870847ad3b5e6
FAIL: lessons/0004a-understand-holder-anchor.html: stale review fingerprint for ko; current sha256:78a32f15367552dedd16a45934cc6bc9f683f3a1e5e8cd335a554e97efe0320a
FAIL: lessons/0005-audit-a-logged-mutation.html: missing Korean review receipt
FAIL: lessons/0005-audit-a-logged-mutation.html: stale review fingerprint for en; current sha256:9e233f25d7e59f8a2edf6e80a0ff1e23567652a569908446faba83763d19db52
FAIL: lessons/0005-audit-a-logged-mutation.html: stale review fingerprint for ko; current sha256:d16af7351ed6fbbba9e08240c4d27a083ba083ee4636b0e9145946f85cce73a1
FAIL: lessons/0006-flush-one-generation.html: missing Korean review receipt
FAIL: lessons/0006-flush-one-generation.html: stale review fingerprint for en; current sha256:1c080c4dcbc709e36b22d6a85d4c5fd22df4bb3db581c8185a89e515bed40ab2
FAIL: lessons/0006-flush-one-generation.html: stale review fingerprint for ko; current sha256:a347fee280db970f001cdff88352286620941107ccea3ee2f447cea68f2b2bba
FAIL: lessons/0006a-understand-page-buffer-daemons.html: missing Korean review receipt
FAIL: lessons/0006a-understand-page-buffer-daemons.html: stale review fingerprint for en; current sha256:a9b6f942c808e7b98afbb027f02404b9f85260217649ae76b6f59afc6601ba87
FAIL: lessons/0006a-understand-page-buffer-daemons.html: stale review fingerprint for ko; current sha256:510228aeedf48fd5fdab58b3351bdd33416952da08b0ad80d69ff75a1c380d34
FAIL: lessons/0006b-follow-page-flush-handoff.html: missing Korean review receipt
FAIL: lessons/0006b-follow-page-flush-handoff.html: stale review fingerprint for en; current sha256:106021bbf39a0e8890396fb062732c868f9f92fbeef52b14352684487b316868
FAIL: lessons/0006b-follow-page-flush-handoff.html: stale review fingerprint for ko; current sha256:9a9cf4c9dffb4444495b516074132c107eabe861dcaf756253066181d517ae68
FAIL: lessons/0006c-follow-maintenance-and-pacing.html: missing Korean review receipt
FAIL: lessons/0006c-follow-maintenance-and-pacing.html: stale review fingerprint for en; current sha256:06ccfbff0afe5f4efece38bbdcf50a4e962da8ab4ae63c14cccc058753a3a4d0
FAIL: lessons/0006c-follow-maintenance-and-pacing.html: stale review fingerprint for ko; current sha256:96510d478933d18716e0dbb4eaba6002622ed510ab4f94c9d5771e6cb78064b6
FAIL: lessons/0007-replace-one-frame.html: missing Korean review receipt
FAIL: lessons/0007-replace-one-frame.html: stale review fingerprint for en; current sha256:039fa1791edd7800f40faee2b5848260f5b614766a73847d9277379351e59ac5
FAIL: lessons/0007-replace-one-frame.html: stale review fingerprint for ko; current sha256:9b0fbff517ec719f1c0783b6fd711e18356d0cf079aba505cb01fe10f50368a6
FAIL: lessons/0008-defend-a-safe-change.html: missing Korean review receipt
FAIL: lessons/0008-defend-a-safe-change.html: stale review fingerprint for en; current sha256:c63b6c98bd1a23136960b64457707d106fc336a336b6b9cf9811e30e42f67a2d
FAIL: lessons/0008-defend-a-safe-change.html: stale review fingerprint for ko; current sha256:df8014ed2e02de1aea29db484af0a9c827140040ae3bdf3f2ab8cbc0501c9beb
FAIL: lessons/0009-classify-latch-wait.html: missing Korean review receipt
FAIL: lessons/0009-classify-latch-wait.html: stale review fingerprint for en; current sha256:a2216a2037e07ad568526291ba2ba1826aec1f945dbaa221f72b7f08a21e2bd9
FAIL: lessons/0009-classify-latch-wait.html: stale review fingerprint for ko; current sha256:43710370dda571c198ca611b36ed06290b0c112de34ef2202feb188a4b1ffe87
FAIL: lessons/0010-revalidate-after-promotion.html: missing Korean review receipt
FAIL: lessons/0010-revalidate-after-promotion.html: stale review fingerprint for en; current sha256:3f3f35a07a8aa6dbf2d49451b7485b60a22b40d21a49c9479f5231dbe05c63a1
FAIL: lessons/0010-revalidate-after-promotion.html: stale review fingerprint for ko; current sha256:3274666f3e98d8d865e2e7e6df9a7209e294317616ec7548b291917ae67f6fa3
FAIL: lessons/0011-rebuild-after-ordered-refix.html: missing Korean review receipt
FAIL: lessons/0011-rebuild-after-ordered-refix.html: stale review fingerprint for en; current sha256:653d4d52b99f6658eb54838895cc5588d77d6bbaf8a11fe6627fe4da76d78360
FAIL: lessons/0011-rebuild-after-ordered-refix.html: stale review fingerprint for ko; current sha256:14914292c98295658a2f2a69327e73c715354f83f20da2a46bc792a08879172f
FAIL: lessons/0012-prove-replacement-progress.html: missing Korean review receipt
FAIL: lessons/0012-prove-replacement-progress.html: stale review fingerprint for en; current sha256:44ceb4f9652f81dc31bd416d1ba524372af7f2d5653ce280020bcbb997fbf5f6
FAIL: lessons/0012-prove-replacement-progress.html: stale review fingerprint for ko; current sha256:fd58b5b8bd65673b297309dd11a2b3174e3d471c45b40032ba4212ad8e3640aa
FAIL: lessons/0012b-understand-private-lru-index.html: missing Korean review receipt
FAIL: lessons/0012b-understand-private-lru-index.html: stale review fingerprint for en; current sha256:517eba506f4a1c80ad41e794ae72f9d5e1fc9400cbb6ba328cc82e35950f9847
FAIL: lessons/0012b-understand-private-lru-index.html: stale review fingerprint for ko; current sha256:6bbafe7373db6c3fd8e51333f553d703b7be3172f10e4882a008e9fbfb472d33
FAIL: lessons/0012a-understand-aout-ghost-history.html: missing Korean review receipt
FAIL: lessons/0012a-understand-aout-ghost-history.html: stale review fingerprint for en; current sha256:beae75c501dcd989390f183224de9a854716e36520a131b15d0828eb19710f24
FAIL: lessons/0012a-understand-aout-ghost-history.html: stale review fingerprint for ko; current sha256:83e9b4d2cff06580727d2d70ccf02a511217efce63004d70e80ea78ef1ed8dfe
FAIL: lessons/0013-gate-redo-by-page-lsa.html: missing Korean review receipt
FAIL: lessons/0013-gate-redo-by-page-lsa.html: stale review fingerprint for en; current sha256:55c6a05dfaae7781292a222354ff8702029f8fbbce0eff1d8cd292c0245b23c2
FAIL: lessons/0013-gate-redo-by-page-lsa.html: stale review fingerprint for ko; current sha256:668c30fc1c2a5fca01233247b5da611abbd9295414949444f8ecc0d55b4cc6b0
FAIL: lessons/0014-preserve-lifecycle-order.html: missing Korean review receipt
FAIL: lessons/0014-preserve-lifecycle-order.html: stale review fingerprint for en; current sha256:7ae16ae4f484cfc602a910744d82039c7b6e48ec0f725386dbd6ec71ab73e48c
FAIL: lessons/0014-preserve-lifecycle-order.html: stale review fingerprint for ko; current sha256:2e48d3061a5e5f291d2fa793c046e19456fea4bc74869be24a5e374fb522c7fb
FAIL: lessons/0015-route-a-specialized-interface.html: missing Korean review receipt
FAIL: lessons/0015-route-a-specialized-interface.html: stale review fingerprint for en; current sha256:f35c7bff981d2f7bf11f548c150f458f18919dd30e1303d6af848d0d5c0b2bf4
FAIL: lessons/0015-route-a-specialized-interface.html: stale review fingerprint for ko; current sha256:9394d62fd7ab34938b961617d99bace55612f3ec839beb477ec95951c8bf94f9
FAIL: lessons/0016-close-a-failure-proof.html: missing Korean review receipt
FAIL: lessons/0016-close-a-failure-proof.html: stale review fingerprint for en; current sha256:5ebbd15b086b776bd48d2c957cb40fa645ac4589a1e6d8d0fc5e023822223469
FAIL: lessons/0016-close-a-failure-proof.html: stale review fingerprint for ko; current sha256:fd15ef741a55a769a7bdc4a9930e495ab67d4e3e16d1a93138f883b5ec1b665e
FAIL: lessons/0017-defend-the-module-live.html: missing Korean review receipt
FAIL: lessons/0017-defend-the-module-live.html: stale review fingerprint for en; current sha256:32df98bfa035d7bdcefbb208998093ba93627307512bd0013e054e1e16384575
FAIL: lessons/0017-defend-the-module-live.html: stale review fingerprint for ko; current sha256:0283a47cbcd75732bc23da40b7266b8b131fe35782d80077926226276bb3b3e8
FAIL: lessons/0018-compare-three-buffer-pools.html: missing Korean review receipt
FAIL: lessons/0018-compare-three-buffer-pools.html: stale review fingerprint for en; current sha256:06490fe7d8b50c4f4cb76e5751211d644fbc7093e4c2cd39fcda01a1d95e6356
FAIL: lessons/0018-compare-three-buffer-pools.html: stale review fingerprint for ko; current sha256:32cc2b9a79ddea1832ddb3e33ba14ff301bda4f1cfc5a071b64c04faee5c391c
FAIL: lessons/0018a-compare-replacement-policies.html: missing Korean review receipt
FAIL: lessons/0018a-compare-replacement-policies.html: stale review fingerprint for en; current sha256:9643e2e1df600009de1574fc0e49eaa2a4c118166117e7d1ffa133ace154da57
FAIL: lessons/0018a-compare-replacement-policies.html: stale review fingerprint for ko; current sha256:6dc26d9bfb026005d9c40402526b39313a21566fdbaf82c6042697c2e716ba49
FAIL: reference/caller-mutation-card.html: missing Korean review receipt
FAIL: reference/caller-mutation-card.html: stale review fingerprint for en; current sha256:e30d6104c998d995323bf89d85063f389b45ded489f93797bf1cc78aa7d27bda
FAIL: reference/caller-mutation-card.html: stale review fingerprint for ko; current sha256:6113b62fab32db490c05e74a7258f98ed3f48ed106fc11a2d179cec6f40a2ee1
FAIL: reference/change-defense-card.html: missing Korean review receipt
FAIL: reference/change-defense-card.html: stale review fingerprint for en; current sha256:fdb804fc3c9446c04811c51df4c3c49db21d4f3d52582415159c966f28e27542
FAIL: reference/change-defense-card.html: stale review fingerprint for ko; current sha256:e9c3c39e16c3fa8a1448837ff9f6f639a30d78845263b54160e78dc8172394f1
FAIL: reference/core-synthesis-studio.html: missing Korean review receipt
FAIL: reference/core-synthesis-studio.html: stale review fingerprint for en; current sha256:1c01d37aae7acb4d7d321e8f6908dcdc18d9603b1233d720c1363934ccc058c7
FAIL: reference/core-synthesis-studio.html: stale review fingerprint for ko; current sha256:946c3e1f51fa8fb2cd245ccae93335ac5ca8457a6cb9f9e0fc23ee4b06f5d5f0
FAIL: reference/course-coverage-matrix.html: missing Korean review receipt
FAIL: reference/course-coverage-matrix.html: stale review fingerprint for en; current sha256:200bfd87d1f929a382aaf147d281f7d2c1f82a6ab9c2739e34a9e9dd47c7cca2
FAIL: reference/course-coverage-matrix.html: stale review fingerprint for ko; current sha256:5cb266b257fa831227964f997784253c8cb7c60b3d1d41bb3a629b93e5270b8f
FAIL: reference/course-learning-path.html: missing Korean review receipt
FAIL: reference/course-learning-path.html: stale review fingerprint for en; current sha256:8245a74b5bc71f307cde864d7418cce61256fb0dfe2656f608db97308def0ad0
FAIL: reference/course-learning-path.html: stale review fingerprint for ko; current sha256:bf5181c41ad968a4aeeaf71a7a14b3b4b198d9a77f661e1ff4da06869afbca5c
FAIL: reference/expected-team-questions.html: missing Korean review receipt
FAIL: reference/expected-team-questions.html: stale review fingerprint for en; current sha256:e3472d7b2213209e0173224c5d4a9a9b9c2d1d4f658dcecebe2a527a6d222c91
FAIL: reference/expected-team-questions.html: stale review fingerprint for ko; current sha256:1785891a58360b9e70244a3332c7e923ef76ec00dec073c921f29e6ce1ea57c5
FAIL: reference/failure-proof-ledger-card.html: missing Korean review receipt
FAIL: reference/failure-proof-ledger-card.html: stale review fingerprint for en; current sha256:35d5e901b82a4bc551954c7101a16b3776576b50c1b436f6bbafe96f5ae62085
FAIL: reference/failure-proof-ledger-card.html: stale review fingerprint for ko; current sha256:7563f0a0ec80219d9a21093ed841e8016e2d7795d9e24b26015786f0ab584a40
FAIL: reference/fix-convergence-map.html: missing Korean review receipt
FAIL: reference/fix-convergence-map.html: stale review fingerprint for en; current sha256:59be4598a618b5f8468fea8e0f648aa22a607a03e60eef9fd1e36023f1e5b09d
FAIL: reference/fix-convergence-map.html: stale review fingerprint for ko; current sha256:1f9fce7df811bc8105e2ba52978f49aee02df64629daf5fba862ba54fb2e0421
FAIL: reference/flush-generation-card.html: missing Korean review receipt
FAIL: reference/flush-generation-card.html: stale review fingerprint for en; current sha256:88398c7e59fba6e0d390781dc06db6e47912191fc29b5c51f822c9b4ce5da6ba
FAIL: reference/flush-generation-card.html: stale review fingerprint for ko; current sha256:62933d1b0fe1eb715c7e0f25498967efe53773f25a7902d10d436501110427eb
FAIL: reference/latch-queue-card.html: missing Korean review receipt
FAIL: reference/latch-queue-card.html: stale review fingerprint for en; current sha256:e4120f7d35dccee481ceefc25547ca00b14efed968477dce29c6254b3270d88d
FAIL: reference/latch-queue-card.html: stale review fingerprint for ko; current sha256:31663b5453a09ce149e3dc79d3186fe9371c6c183442a0cdbb39ba72bd5f2f9c
FAIL: reference/lifecycle-order-card.html: missing Korean review receipt
FAIL: reference/lifecycle-order-card.html: stale review fingerprint for en; current sha256:8032089db351eaa982c2712e98a5a9c3217312dcee949cab7ca9fae0767e234a
FAIL: reference/lifecycle-order-card.html: stale review fingerprint for ko; current sha256:7b9f15400c6eb53d1052085ef0cd3887c4ac330f0f659a2f1ded40de630cd198
FAIL: reference/object-and-state-map.html: missing Korean review receipt
FAIL: reference/object-and-state-map.html: stale review fingerprint for en; current sha256:8f96a7b136069d13d1a3775a4b1d648adf9563a3830bd3f24143917a660ed5df
FAIL: reference/object-and-state-map.html: stale review fingerprint for ko; current sha256:099854bf073d50d017c310e49af72baedbad8f1e485542cedaf59d49343cfa4a
FAIL: reference/ordered-watcher-card.html: missing Korean review receipt
FAIL: reference/ordered-watcher-card.html: stale review fingerprint for en; current sha256:34fc7bc3d1545daee70ed4b8b27d6c90bb94d340374a3e9066636b31834bb99d
FAIL: reference/ordered-watcher-card.html: stale review fingerprint for ko; current sha256:9e00ae26c1a9b073a8b906b90fc9ee98d87f1c305149a04f54e502c92ba33905
FAIL: reference/ownership-debt-card.html: missing Korean review receipt
FAIL: reference/ownership-debt-card.html: stale review fingerprint for en; current sha256:cc28ab3d3a308d3a61d84c5ba41a055d1b7e7d22ab62341098fdacd06b9018c6
FAIL: reference/ownership-debt-card.html: stale review fingerprint for ko; current sha256:10b8cfd76da144dbaafb6c9206099fabd040872c103016fd2834320532dc857b
FAIL: reference/presentation-rehearsal-card.html: missing Korean review receipt
FAIL: reference/presentation-rehearsal-card.html: stale review fingerprint for en; current sha256:b04246f9ef143fce4f5f69d6b5150896b1794ca6af32117a2ff222296a0a346b
FAIL: reference/presentation-rehearsal-card.html: stale review fingerprint for ko; current sha256:1a536a0706d6490bc8f211fdba9de93b41e7010c6fafccd9d1fb72e1ba9a6849
FAIL: reference/presentation-spine.html: missing Korean review receipt
FAIL: reference/presentation-spine.html: stale review fingerprint for en; current sha256:658d0a796907df38973f88a08a7101880163210ec6ce1d4ddc2ff51eaf6cec74
FAIL: reference/presentation-spine.html: stale review fingerprint for ko; current sha256:ed158e934f50f87e06fc4b8c6a63f08c9f4e8f6cf909e318a40da3ff9288b14a
FAIL: reference/promotion-restart-card.html: missing Korean review receipt
FAIL: reference/promotion-restart-card.html: stale review fingerprint for en; current sha256:0200606b7ad20bb9f38236feeefd095de65f86918250dd657f2941dfc21e346e
FAIL: reference/promotion-restart-card.html: stale review fingerprint for ko; current sha256:3bc0a6f4934a4e36f30bc1cd7a47d2386d318ec600861c13b88c2b7d307d085c
FAIL: reference/redo-recovery-card.html: missing Korean review receipt
FAIL: reference/redo-recovery-card.html: stale review fingerprint for en; current sha256:fdce6df218bff28f838b7924e9bc0d71d8d1fa0727cc72078da435a941a41a55
FAIL: reference/redo-recovery-card.html: stale review fingerprint for ko; current sha256:792933b250bd296a199b3f40a1552534caf431cb4adaee46f5124c467a81fca9
FAIL: reference/replacement-progress-card.html: missing Korean review receipt
FAIL: reference/replacement-progress-card.html: stale review fingerprint for en; current sha256:5fdb2d8f216d1fc2d15bca3d0c32ce80df63d363ed435d413db2d1be7731da54
FAIL: reference/replacement-progress-card.html: stale review fingerprint for ko; current sha256:49d48111dcf5e337c1ec40d718bafcbd607c98a986b6d99705ccfe43908b5944
FAIL: reference/replacement-safety-card.html: missing Korean review receipt
FAIL: reference/replacement-safety-card.html: stale review fingerprint for en; current sha256:b3dc84198ad0136cb58c93d90a314221befb7863fd38f059293bac482c3debc7
FAIL: reference/replacement-safety-card.html: stale review fingerprint for ko; current sha256:8eddba2c028261f390611fd0e4b3d588ad9a331488094823c34b14c43fb1908e
FAIL: reference/specialized-interface-card.html: missing Korean review receipt
FAIL: reference/specialized-interface-card.html: stale review fingerprint for en; current sha256:834fa9b9a21d18c7d46db6dee98d73df851409bc81e35e6a981b6bd1e851a2de
FAIL: reference/specialized-interface-card.html: stale review fingerprint for ko; current sha256:ca8fd028a5f0175e197daebe80d8e9e87b1a837d790910bc750ba97ed65ffc29
FAIL: reference/three-engine-performance-card.html: missing Korean review receipt
FAIL: reference/three-engine-performance-card.html: stale review fingerprint for en; current sha256:bb72e92bcdda40faa869458495bb926c2a1650514e24d3c88a99d561b08bf36c
FAIL: reference/three-engine-performance-card.html: stale review fingerprint for ko; current sha256:8f57651dc2570fc5d6b9094217fae7b23754335fb227bb2875eab96b38c41f1f
